❌ Signup: False
❌ OTP Verification: False
✅ Login: Work
✅ Protected Profile: Work
✅ Token Refresh: Work
✅ Anonymous Message: Work
✅ Logout: Work